2025-02-11 08:31:34 - INFO: Iniciando download por Grupo/Empresa/Revenda - Tipo: Cliente
2025-02-11 08:31:35 - ERRO: Erro ao processar a planilha: Cannot get a NUMERIC value from a STRING cell
2025-02-11 08:31:49 - INFO: Iniciando download por Grupo/Empresa/Revenda - Tipo: Cliente
2025-02-11 08:31:50 - ERRO: Erro ao processar a planilha: Cannot get a NUMERIC value from a STRING cell
2025-02-11 08:32:10 - INFO: Iniciando download por Grupo/Empresa/Revenda - Tipo: Cliente
2025-02-11 08:32:12 - ERRO: Erro ao processar a planilha: Cannot get a NUMERIC value from a STRING cell
2025-02-11 09:52:38 - INFO: Iniciando download por Grupo/Empresa/Revenda - Tipo: Cliente
2025-02-11 09:52:39 - ERRO: Erro ao converter valor da célula: HYUNDAI SEVEL - ARACAJU
2025-02-11 09:52:40 - ERRO: Erro ao baixar https://alpha.mobato.com.br/4877708: https://alpha.mobato.com.br/4877708
2025-02-11 09:52:58 - ERRO: Erro ao baixar https://alpha.mobato.com.br/122525: https://alpha.mobato.com.br/122525
2025-02-11 09:52:59 - ERRO: Erro ao converter valor da célula: HYUNDAI TERRA SANTA MOSSORO
2025-02-11 09:53:00 - ERRO: Erro ao baixar https://alpha.mobato.com.br/4877870: https://alpha.mobato.com.br/4877870
2025-02-11 09:53:01 - ERRO: Erro ao baixar https://alpha.mobato.com.br/53761: https://alpha.mobato.com.br/53761
2025-02-11 09:53:02 - ERRO: Erro ao converter valor da célula: HYUNDAI VIA COMETA JI-PARANA
2025-02-11 09:53:03 - ERRO: Erro ao baixar https://alpha.mobato.com.br/4879582: https://alpha.mobato.com.br/4879582
2025-02-11 09:53:04 - ERRO: Erro ao baixar https://alpha.mobato.com.br/57275: https://alpha.mobato.com.br/57275
2025-02-11 09:53:04 - ERRO: Erro ao converter valor da célula: HONDA LAGO SAN RIBEIRÃO PRETO
2025-02-11 09:53:05 - ERRO: Erro ao baixar https://alpha.mobato.com.br/4877723: https://alpha.mobato.com.br/4877723
2025-02-11 09:53:06 - ERRO: Erro ao baixar https://alpha.mobato.com.br/373930: https://alpha.mobato.com.br/373930
2025-02-11 09:53:09 - ERRO: Erro ao converter valor da célula: HYUNDAI VIA COMETA JI-PARANA
2025-02-11 09:53:09 - ERRO: Erro ao baixar https://alpha.mobato.com.br/4879581: https://alpha.mobato.com.br/4879581
2025-02-11 09:53:10 - ERRO: Erro ao baixar https://alpha.mobato.com.br/57274: https://alpha.mobato.com.br/57274
2025-02-11 09:53:11 - ERRO: Erro ao converter valor da célula: HYUNDAI VIA COMETA JI-PARANA
2025-02-11 09:53:11 - ERRO: Erro ao baixar https://alpha.mobato.com.br/4879583: https://alpha.mobato.com.br/4879583
2025-02-11 09:53:15 - ERRO: Erro ao baixar https://alpha.mobato.com.br/57276: https://alpha.mobato.com.br/57276
2025-02-11 09:53:16 - ERRO: Erro ao converter valor da célula: HYUNDAI TERRA SANTA - ARACAJU
2025-02-11 09:53:16 - ERRO: Erro ao baixar https://alpha.mobato.com.br/4877734: https://alpha.mobato.com.br/4877734
2025-02-11 09:53:19 - ERRO: Erro ao baixar https://alpha.mobato.com.br/27691: https://alpha.mobato.com.br/27691
2025-02-11 09:54:11 - INFO: Iniciando download individual - OS: 184196 | Tipo: Consultor
2025-02-11 09:54:14 - INFO: Download concluído!
